Archive member included to satisfy reference by file (symbol)

c:/program files/microchip/xc32/v4.10/bin/bin/../../lib/gcc/pic32c/8.3.1/../../../../pic32c/lib/thumb/v7e-m+fp/hard\libpic32c.a(data_init.o)
                              C:\Users\M71906\AppData\Local\Temp\cc8uBvIV.o (__pic32c_data_initialization)
c:/program files/microchip/xc32/v4.10/bin/bin/../../lib/gcc/pic32c/8.3.1/../../../../pic32c/lib/thumb/v7e-m+fp/hard\libc-musl.a(__libc_start_main.o)
                              C:\Users\M71906\AppData\Local\Temp\cc8uBvIV.o (__libc_init_array)
c:/program files/microchip/xc32/v4.10/bin/bin/../../lib/gcc/pic32c/8.3.1/../../../../pic32c/lib/thumb/v7e-m+fp/hard\libc-musl.a(libc.o)
                              c:/program files/microchip/xc32/v4.10/bin/bin/../../lib/gcc/pic32c/8.3.1/../../../../pic32c/lib/thumb/v7e-m+fp/hard\libc-musl.a(__libc_start_main.o) (__progname_full)
c:/program files/microchip/xc32/v4.10/bin/bin/../../lib/gcc/pic32c/8.3.1/../../../../pic32c/lib/thumb/v7e-m+fp/hard\libc-musl.a(__environ.o)
                              c:/program files/microchip/xc32/v4.10/bin/bin/../../lib/gcc/pic32c/8.3.1/../../../../pic32c/lib/thumb/v7e-m+fp/hard\libc-musl.a(__libc_start_main.o) (__environ)

Microchip PIC32 Memory-Usage Report

ROM Program-Memory Usage
section                    address  length [bytes]      (dec)  Description
-------                 ----------  -------------------------  -----------
.vectors                         0          0x264         612   
.text                        0x264           0x20          32  App's exec code 
.text                        0x284          0x38c         908  App's exec code 
.text.Reset_Handler          0x610           0x90         144   
.text.__pic32c_data_ini      0x6a0           0x88         136   
.dinit                       0x728           0x70         112   
.text.__libc_start_init      0x798           0x5c          92   
.text                        0x7f4           0x40          64  App's exec code 
.text.Dummy_Handler          0x834            0x2           2   
.text.__dummy                0x836            0x2           2   
      Total ROM used  :       0x838        2104  0.2% of 0x100000
        --------------------------------------------------------------------------
         Total Program Memory used  :       0x838        2104  0.2% of 0x100000
        --------------------------------------------------------------------------


RAM Data-Memory Usage
section                    address  length [bytes]      (dec)  Description
-------                 ----------  -------------------------  -----------
.bss                    0x20000000           0x78         120  Uninitialized data 
.data                   0x20000078            0x4           4  Initialized data 
.bss                    0x2000007c            0x8           8  Uninitialized data 
.eh_frame               0x20000084            0x4           4   
.bss                    0x20000088            0x1           1  Uninitialized data 
         Total RAM used  :        0x89         137  0.1% of 0x40000
        --------------------------------------------------------------------------
            Total Data Memory used  :        0x89         137  0.1% of 0x40000
        --------------------------------------------------------------------------


Dynamic Data-Memory Reservation
section                    address  length [bytes]      (dec)  Description
-------                 ----------  -------------------------  -----------
heap                    0x20000090           0x10          16  Reserved for heap 
stack                   0x200000b8        0x3ff38      261944  Reserved for stack 

        --------------------------------------------------------------------------

Discarded input sections

 .xc_stack_usage.hdr
                0x00000000        0xe c:/program files/microchip/xc32/v4.10/bin/bin/../../lib/gcc/pic32c/8.3.1/thumb/v7e-m+fp/hard/crti.o
 .xc_stack_usage
                0x00000000       0x26 c:/program files/microchip/xc32/v4.10/bin/bin/../../lib/gcc/pic32c/8.3.1/thumb/v7e-m+fp/hard/crti.o
 .xc_stack_usage
                0x00000000       0x3c c:/program files/microchip/xc32/v4.10/bin/bin/../../lib/gcc/pic32c/8.3.1/thumb/v7e-m+fp/hard/crtbegin.o
 .xc_stack_usage.hdr
                0x00000000        0xe c:/program files/microchip/xc32/v4.10/bin/bin/../../lib/gcc/pic32c/8.3.1/thumb/v7e-m+fp/hard/crtbegin.o
 .xc_stack_usage
                0x00000000       0x2a c:/program files/microchip/xc32/v4.10/bin/bin/../../lib/gcc/pic32c/8.3.1/../../../../pic32c/lib/thumb/v7e-m+fp/hard\libpic32c.a(data_init.o)
 .xc_stack_usage.hdr
                0x00000000        0xe c:/program files/microchip/xc32/v4.10/bin/bin/../../lib/gcc/pic32c/8.3.1/../../../../pic32c/lib/thumb/v7e-m+fp/hard\libpic32c.a(data_init.o)
 .xc_stack_usage
                0x00000000       0x34 c:/program files/microchip/xc32/v4.10/bin/bin/../../lib/gcc/pic32c/8.3.1/../../../../pic32c/lib/thumb/v7e-m+fp/hard\libc-musl.a(__libc_start_main.o)
 .xc_stack_usage.hdr
                0x00000000        0xe c:/program files/microchip/xc32/v4.10/bin/bin/../../lib/gcc/pic32c/8.3.1/../../../../pic32c/lib/thumb/v7e-m+fp/hard\libc-musl.a(__libc_start_main.o)
 .xc_stack_usage.hdr
                0x00000000        0xe c:/program files/microchip/xc32/v4.10/bin/bin/../../lib/gcc/pic32c/8.3.1/../../../../pic32c/lib/thumb/v7e-m+fp/hard\libc-musl.a(libc.o)
 .xc_stack_usage.hdr
                0x00000000        0xe c:/program files/microchip/xc32/v4.10/bin/bin/../../lib/gcc/pic32c/8.3.1/../../../../pic32c/lib/thumb/v7e-m+fp/hard\libc-musl.a(__environ.o)
 .xc_stack_usage.hdr
                0x00000000        0xe c:/program files/microchip/xc32/v4.10/bin/bin/../../lib/gcc/pic32c/8.3.1/thumb/v7e-m+fp/hard/crtend.o
 .xc_stack_usage.hdr
                0x00000000        0xe c:/program files/microchip/xc32/v4.10/bin/bin/../../lib/gcc/pic32c/8.3.1/thumb/v7e-m+fp/hard/crtn.o

Memory Configuration

Name             Origin             Length             Attributes
rom              0x00000000         0x00100000         xrl
ram              0x20000000         0x00040000         xw !r
tcm              0x03000000         0x00000000         xw
bkupram          0x47000000         0x00002000
config_00804000  0x00804000         0x00000004
config_00804008  0x00804008         0x00000004
config_00804004  0x00804004         0x00000004
*default*        0x00000000         0xffffffff

Linker script and memory map

LOAD c:/program files/microchip/xc32/v4.10/bin/bin/../../lib/gcc/pic32c/8.3.1/thumb/v7e-m+fp/hard/crti.o
LOAD c:/program files/microchip/xc32/v4.10/bin/bin/../../lib/gcc/pic32c/8.3.1/thumb/v7e-m+fp/hard/crtbegin.o
LOAD build/default/production/main.o
LOAD build/default/production/system_init.o
                0x00000001                __MPLAB_BUILD = 0x1
LOAD C:\Users\M71906\AppData\Local\Temp\cc8uBvIV.o
START GROUP
LOAD c:/program files/microchip/xc32/v4.10/bin/bin/../../lib/gcc/pic32c/8.3.1/../../../../pic32c/lib/thumb/v7e-m+fp/hard\libpic32c.a
LOAD c:/program files/microchip/xc32/v4.10/bin/bin/../../lib/gcc/pic32c/8.3.1/../../../../pic32c/lib/thumb/v7e-m+fp/hard\libm-emfloat.a
LOAD c:/program files/microchip/xc32/v4.10/bin/bin/../../lib/gcc/pic32c/8.3.1/../../../../pic32c/lib/thumb/v7e-m+fp/hard\libc-musl.a
LOAD c:/program files/microchip/xc32/v4.10/bin/bin/../../lib/gcc/pic32c/8.3.1/../../../../pic32c/lib/thumb/v7e-m+fp/hard\libm-emfloat.a
LOAD c:/program files/microchip/xc32/v4.10/bin/bin/../../lib/gcc/pic32c/8.3.1/thumb/v7e-m+fp/hard\libgcc.a
END GROUP
LOAD c:/program files/microchip/xc32/v4.10/bin/bin/../../lib/gcc/pic32c/8.3.1/thumb/v7e-m+fp/hard/crtend.o
LOAD c:/program files/microchip/xc32/v4.10/bin/bin/../../lib/gcc/pic32c/8.3.1/thumb/v7e-m+fp/hard/crtn.o
                0x00100000                __rom_end = (ORIGIN (rom) + LENGTH (rom))
                0x20040000                __ram_end = (ORIGIN (ram) + LENGTH (ram))

.config_00804000
                0x00804000        0x4
 *(.config_00804000)
 .config_00804000
                0x00804000        0x4 build/default/production/main.o
                0x00804000                __config_00804000

.config_00804008
                0x00804008        0x4
 *(.config_00804008)
 .config_00804008
                0x00804008        0x4 build/default/production/main.o
                0x00804008                __config_00804008

.config_00804004
                0x00804004        0x4
 *(.config_00804004)
 .config_00804004
                0x00804004        0x4 build/default/production/main.o
                0x00804004                __config_00804004

.vectors        0x00000000      0x264
                0x00000000                . = ALIGN (0x4)
                0x00000000                _sfixed = .
 *(.vectors .vectors.* .vectors_default .vectors_default.*)
 .vectors.default
                0x00000000      0x264 C:\Users\M71906\AppData\Local\Temp\cc8uBvIV.o
                0x00000000                exception_table
 *(.isr_vector)
 *(.reset*)
 *(.after_vectors)

.text           0x00000264       0x20
                0x00000264                . = ALIGN (0x4)
 *(.glue_7t)
 .glue_7t       0x00000264        0x0 linker stubs
 *(.glue_7)
 .glue_7        0x00000264        0x0 linker stubs
 *(.gnu.linkonce.r.*)
 *(.ARM.extab* .gnu.linkonce.armextab.*)
                0x00000264                . = ALIGN (0x4)
 *(.init)
 .init          0x00000264        0x4 c:/program files/microchip/xc32/v4.10/bin/bin/../../lib/gcc/pic32c/8.3.1/thumb/v7e-m+fp/hard/crti.o
                0x00000264                _init
 .init          0x00000268        0x8 c:/program files/microchip/xc32/v4.10/bin/bin/../../lib/gcc/pic32c/8.3.1/thumb/v7e-m+fp/hard/crtn.o
                0x00000270                . = ALIGN (0x4)
                0x00000270                __preinit_array_start = .
 *(.preinit_array)
                0x00000270                __preinit_array_end = .
                0x00000270                . = ALIGN (0x4)
                0x00000270                __init_array_start = .
 *(SORT_BY_NAME(.init_array.*))
 *(.init_array)
 .init_array    0x00000270        0x4 c:/program files/microchip/xc32/v4.10/bin/bin/../../lib/gcc/pic32c/8.3.1/thumb/v7e-m+fp/hard/crtbegin.o
                0x00000274                __init_array_end = .
                0x00000274                . = ALIGN (0x4)
 *crtbegin.o(.ctors)
 *(EXCLUDE_FILE(*crtend.o) .ctors)
 *(SORT_BY_NAME(.ctors.*))
 *crtend.o(.ctors)
                0x00000274                . = ALIGN (0x4)
 *(.fini)
 .fini          0x00000274        0x4 c:/program files/microchip/xc32/v4.10/bin/bin/../../lib/gcc/pic32c/8.3.1/thumb/v7e-m+fp/hard/crti.o
                0x00000274                _fini
 .fini          0x00000278        0x8 c:/program files/microchip/xc32/v4.10/bin/bin/../../lib/gcc/pic32c/8.3.1/thumb/v7e-m+fp/hard/crtn.o
                0x00000280                . = ALIGN (0x4)
                0x00000280                __fini_array_start = .
 *(.fini_array)
 .fini_array    0x00000280        0x4 c:/program files/microchip/xc32/v4.10/bin/bin/../../lib/gcc/pic32c/8.3.1/thumb/v7e-m+fp/hard/crtbegin.o
 *(SORT_BY_NAME(.fini_array.*))
                0x00000284                __fini_array_end = .
 *crtbegin.o(.dtors)
 *(EXCLUDE_FILE(*crtend.o) .dtors)
 *(SORT_BY_NAME(.dtors.*))
 *crtend.o(.dtors)
                0x00000284                . = ALIGN (0x4)
                0x00000284                _efixed = .
                [!provide]                PROVIDE (__exidx_start = .)

.ARM.exidx
 *(.ARM.exidx* .gnu.linkonce.armexidx.*)
                [!provide]                PROVIDE (__exidx_end = .)
                0x00000284                . = ALIGN (0x4)
                0x00000284                _etext = .

.bss            0x20000000        0x0
                0x20000000                . = ALIGN (0x4)
                0x20000000                __bss_start__ = .
                0x20000000                _sbss = .
                0x20000000                _szero = .
 *(COMMON)
                0x20000000                . = ALIGN (0x4)
                0x20000000                __bss_end__ = .
                0x20000000                _ebss = .
                0x20000000                _ezero = .
                0x20000000                . = ALIGN (0x4)
                0x20000000                _end = .
                0x2003ffff                _ram_end_ = ((ORIGIN (ram) + LENGTH (ram)) - 0x1)

.bkupram_bss
 *(.bkupram_bss .bkupram_bss.*)
 *(.pbss .pbss.*)
OUTPUT(dist/default/production/Lab6_Callback.X.production.elf elf32-littlearm)
LOAD stack
LOAD data_init

.ARM.attributes
                0x00000000       0x34
 .ARM.attributes
                0x00000000       0x1e c:/program files/microchip/xc32/v4.10/bin/bin/../../lib/gcc/pic32c/8.3.1/thumb/v7e-m+fp/hard/crti.o
 .ARM.attributes
                0x0000001e       0x34 c:/program files/microchip/xc32/v4.10/bin/bin/../../lib/gcc/pic32c/8.3.1/thumb/v7e-m+fp/hard/crtbegin.o
 .ARM.attributes
                0x00000052       0x34 build/default/production/main.o
 .ARM.attributes
                0x00000086       0x34 build/default/production/system_init.o
 .ARM.attributes
                0x000000ba       0x34 C:\Users\M71906\AppData\Local\Temp\cc8uBvIV.o
 .ARM.attributes
                0x000000ee       0x34 c:/program files/microchip/xc32/v4.10/bin/bin/../../lib/gcc/pic32c/8.3.1/../../../../pic32c/lib/thumb/v7e-m+fp/hard\libpic32c.a(data_init.o)
 .ARM.attributes
                0x00000122       0x36 c:/program files/microchip/xc32/v4.10/bin/bin/../../lib/gcc/pic32c/8.3.1/../../../../pic32c/lib/thumb/v7e-m+fp/hard\libc-musl.a(__libc_start_main.o)
 .ARM.attributes
                0x00000158       0x34 c:/program files/microchip/xc32/v4.10/bin/bin/../../lib/gcc/pic32c/8.3.1/../../../../pic32c/lib/thumb/v7e-m+fp/hard\libc-musl.a(libc.o)
 .ARM.attributes
                0x0000018c       0x34 c:/program files/microchip/xc32/v4.10/bin/bin/../../lib/gcc/pic32c/8.3.1/../../../../pic32c/lib/thumb/v7e-m+fp/hard\libc-musl.a(__environ.o)
 .ARM.attributes
                0x000001c0       0x32 c:/program files/microchip/xc32/v4.10/bin/bin/../../lib/gcc/pic32c/8.3.1/thumb/v7e-m+fp/hard/crtend.o
 .ARM.attributes
                0x000001f2       0x1e c:/program files/microchip/xc32/v4.10/bin/bin/../../lib/gcc/pic32c/8.3.1/thumb/v7e-m+fp/hard/crtn.o

.comment        0x00000000       0x2b
 .comment       0x00000000       0x2b c:/program files/microchip/xc32/v4.10/bin/bin/../../lib/gcc/pic32c/8.3.1/thumb/v7e-m+fp/hard/crtbegin.o
                                 0x2c (size before relaxing)
 .comment       0x0000002b       0x2c build/default/production/main.o
 .comment       0x0000002b       0x2c build/default/production/system_init.o
 .comment       0x0000002b       0x2c C:\Users\M71906\AppData\Local\Temp\cc8uBvIV.o
 .comment       0x0000002b       0x2c c:/program files/microchip/xc32/v4.10/bin/bin/../../lib/gcc/pic32c/8.3.1/../../../../pic32c/lib/thumb/v7e-m+fp/hard\libpic32c.a(data_init.o)
 .comment       0x0000002b       0x2c c:/program files/microchip/xc32/v4.10/bin/bin/../../lib/gcc/pic32c/8.3.1/../../../../pic32c/lib/thumb/v7e-m+fp/hard\libc-musl.a(__libc_start_main.o)
 .comment       0x0000002b       0x2c c:/program files/microchip/xc32/v4.10/bin/bin/../../lib/gcc/pic32c/8.3.1/../../../../pic32c/lib/thumb/v7e-m+fp/hard\libc-musl.a(libc.o)
 .comment       0x0000002b       0x2c c:/program files/microchip/xc32/v4.10/bin/bin/../../lib/gcc/pic32c/8.3.1/../../../../pic32c/lib/thumb/v7e-m+fp/hard\libc-musl.a(__environ.o)
 .comment       0x0000002b       0x2c c:/program files/microchip/xc32/v4.10/bin/bin/../../lib/gcc/pic32c/8.3.1/thumb/v7e-m+fp/hard/crtend.o

.debug_info     0x00000000     0x39f7
 .debug_info    0x00000000      0xc40 build/default/production/main.o
 .debug_info    0x00000c40     0x1cf6 build/default/production/system_init.o
 .debug_info    0x00002936      0x2ae c:/program files/microchip/xc32/v4.10/bin/bin/../../lib/gcc/pic32c/8.3.1/../../../../pic32c/lib/thumb/v7e-m+fp/hard\libpic32c.a(data_init.o)
 .debug_info    0x00002be4      0x627 c:/program files/microchip/xc32/v4.10/bin/bin/../../lib/gcc/pic32c/8.3.1/../../../../pic32c/lib/thumb/v7e-m+fp/hard\libc-musl.a(__libc_start_main.o)
 .debug_info    0x0000320b      0x539 c:/program files/microchip/xc32/v4.10/bin/bin/../../lib/gcc/pic32c/8.3.1/../../../../pic32c/lib/thumb/v7e-m+fp/hard\libc-musl.a(libc.o)
 .debug_info    0x00003744      0x2b3 c:/program files/microchip/xc32/v4.10/bin/bin/../../lib/gcc/pic32c/8.3.1/../../../../pic32c/lib/thumb/v7e-m+fp/hard\libc-musl.a(__environ.o)

.debug_abbrev   0x00000000      0x5a7
 .debug_abbrev  0x00000000      0x1cb build/default/production/main.o
 .debug_abbrev  0x000001cb      0x188 build/default/production/system_init.o
 .debug_abbrev  0x00000353       0x2e c:/program files/microchip/xc32/v4.10/bin/bin/../../lib/gcc/pic32c/8.3.1/../../../../pic32c/lib/thumb/v7e-m+fp/hard\libpic32c.a(data_init.o)
 .debug_abbrev  0x00000381      0x117 c:/program files/microchip/xc32/v4.10/bin/bin/../../lib/gcc/pic32c/8.3.1/../../../../pic32c/lib/thumb/v7e-m+fp/hard\libc-musl.a(__libc_start_main.o)
 .debug_abbrev  0x00000498       0xb8 c:/program files/microchip/xc32/v4.10/bin/bin/../../lib/gcc/pic32c/8.3.1/../../../../pic32c/lib/thumb/v7e-m+fp/hard\libc-musl.a(libc.o)
 .debug_abbrev  0x00000550       0x57 c:/program files/microchip/xc32/v4.10/bin/bin/../../lib/gcc/pic32c/8.3.1/../../../../pic32c/lib/thumb/v7e-m+fp/hard\libc-musl.a(__environ.o)

.debug_loc      0x00000000      0x395
 .debug_loc     0x00000000      0x16c build/default/production/main.o
 .debug_loc     0x0000016c      0x1c4 build/default/production/system_init.o
 .debug_loc     0x00000330       0x14 c:/program files/microchip/xc32/v4.10/bin/bin/../../lib/gcc/pic32c/8.3.1/../../../../pic32c/lib/thumb/v7e-m+fp/hard\libpic32c.a(data_init.o)
 .debug_loc     0x00000344       0x51 c:/program files/microchip/xc32/v4.10/bin/bin/../../lib/gcc/pic32c/8.3.1/../../../../pic32c/lib/thumb/v7e-m+fp/hard\libc-musl.a(__libc_start_main.o)

.debug_aranges  0x00000000       0xb8
 .debug_aranges
                0x00000000       0x20 build/default/production/main.o
 .debug_aranges
                0x00000020       0x20 build/default/production/system_init.o
 .debug_aranges
                0x00000040       0x20 c:/program files/microchip/xc32/v4.10/bin/bin/../../lib/gcc/pic32c/8.3.1/../../../../pic32c/lib/thumb/v7e-m+fp/hard\libpic32c.a(data_init.o)
 .debug_aranges
                0x00000060       0x28 c:/program files/microchip/xc32/v4.10/bin/bin/../../lib/gcc/pic32c/8.3.1/../../../../pic32c/lib/thumb/v7e-m+fp/hard\libc-musl.a(__libc_start_main.o)
 .debug_aranges
                0x00000088       0x18 c:/program files/microchip/xc32/v4.10/bin/bin/../../lib/gcc/pic32c/8.3.1/../../../../pic32c/lib/thumb/v7e-m+fp/hard\libc-musl.a(libc.o)
 .debug_aranges
                0x000000a0       0x18 c:/program files/microchip/xc32/v4.10/bin/bin/../../lib/gcc/pic32c/8.3.1/../../../../pic32c/lib/thumb/v7e-m+fp/hard\libc-musl.a(__environ.o)

.debug_line     0x00000000      0x9a8
 .debug_line    0x00000000      0x1d5 build/default/production/main.o
 .debug_line    0x000001d5      0x318 build/default/production/system_init.o
 .debug_line    0x000004ed      0x112 c:/program files/microchip/xc32/v4.10/bin/bin/../../lib/gcc/pic32c/8.3.1/../../../../pic32c/lib/thumb/v7e-m+fp/hard\libpic32c.a(data_init.o)
 .debug_line    0x000005ff      0x1db c:/program files/microchip/xc32/v4.10/bin/bin/../../lib/gcc/pic32c/8.3.1/../../../../pic32c/lib/thumb/v7e-m+fp/hard\libc-musl.a(__libc_start_main.o)
 .debug_line    0x000007da       0xbf c:/program files/microchip/xc32/v4.10/bin/bin/../../lib/gcc/pic32c/8.3.1/../../../../pic32c/lib/thumb/v7e-m+fp/hard\libc-musl.a(libc.o)
 .debug_line    0x00000899      0x10f c:/program files/microchip/xc32/v4.10/bin/bin/../../lib/gcc/pic32c/8.3.1/../../../../pic32c/lib/thumb/v7e-m+fp/hard\libc-musl.a(__environ.o)

.debug_str      0x00000000      0x175
 .debug_str     0x00000000       0xc3 build/default/production/main.o
 .debug_str     0x000000c3       0xb2 build/default/production/system_init.o
 .debug_str     0x00000175        0x0 c:/program files/microchip/xc32/v4.10/bin/bin/../../lib/gcc/pic32c/8.3.1/../../../../pic32c/lib/thumb/v7e-m+fp/hard\libpic32c.a(data_init.o)
 .debug_str     0x00000175        0x0 c:/program files/microchip/xc32/v4.10/bin/bin/../../lib/gcc/pic32c/8.3.1/../../../../pic32c/lib/thumb/v7e-m+fp/hard\libc-musl.a(__libc_start_main.o)
 .debug_str     0x00000175        0x0 c:/program files/microchip/xc32/v4.10/bin/bin/../../lib/gcc/pic32c/8.3.1/../../../../pic32c/lib/thumb/v7e-m+fp/hard\libc-musl.a(libc.o)
 .debug_str     0x00000175        0x0 c:/program files/microchip/xc32/v4.10/bin/bin/../../lib/gcc/pic32c/8.3.1/../../../../pic32c/lib/thumb/v7e-m+fp/hard\libc-musl.a(__environ.o)

.debug_frame    0x00000000      0x220
 .debug_frame   0x00000000       0xbc build/default/production/main.o
 .debug_frame   0x000000bc       0xf0 build/default/production/system_init.o
 .debug_frame   0x000001ac       0x38 c:/program files/microchip/xc32/v4.10/bin/bin/../../lib/gcc/pic32c/8.3.1/../../../../pic32c/lib/thumb/v7e-m+fp/hard\libpic32c.a(data_init.o)
 .debug_frame   0x000001e4       0x3c c:/program files/microchip/xc32/v4.10/bin/bin/../../lib/gcc/pic32c/8.3.1/../../../../pic32c/lib/thumb/v7e-m+fp/hard\libc-musl.a(__libc_start_main.o)

.debug_ranges   0x00000000       0x50
 .debug_ranges  0x00000000       0x10 c:/program files/microchip/xc32/v4.10/bin/bin/../../lib/gcc/pic32c/8.3.1/../../../../pic32c/lib/thumb/v7e-m+fp/hard\libpic32c.a(data_init.o)
 .debug_ranges  0x00000010       0x40 c:/program files/microchip/xc32/v4.10/bin/bin/../../lib/gcc/pic32c/8.3.1/../../../../pic32c/lib/thumb/v7e-m+fp/hard\libc-musl.a(__libc_start_main.o)

.note.GNU-stack
                0x00000000        0x0
 .note.GNU-stack
                0x00000000        0x0 c:/program files/microchip/xc32/v4.10/bin/bin/../../lib/gcc/pic32c/8.3.1/../../../../pic32c/lib/thumb/v7e-m+fp/hard\libc-musl.a(__libc_start_main.o)
 .note.GNU-stack
                0x00000000        0x0 c:/program files/microchip/xc32/v4.10/bin/bin/../../lib/gcc/pic32c/8.3.1/../../../../pic32c/lib/thumb/v7e-m+fp/hard\libc-musl.a(libc.o)
 .note.GNU-stack
                0x00000000        0x0 c:/program files/microchip/xc32/v4.10/bin/bin/../../lib/gcc/pic32c/8.3.1/../../../../pic32c/lib/thumb/v7e-m+fp/hard\libc-musl.a(__environ.o)

.stack          0x200000b8      0x100
 .stack         0x200000b8      0x100 stack

.bss%1          0x20000000       0x78
 .bss           0x20000000       0x50 c:/program files/microchip/xc32/v4.10/bin/bin/../../lib/gcc/pic32c/8.3.1/../../../../pic32c/lib/thumb/v7e-m+fp/hard\libc-musl.a(libc.o)
                0x20000000                __progname_full
                0x20000000                program_invocation_name
                0x20000004                program_invocation_short_name
                0x20000004                __progname
                0x20000008                __sysinfo
                0x2000000c                __hwcap
                0x20000010                __libc
 .bss           0x20000050       0x1c c:/program files/microchip/xc32/v4.10/bin/bin/../../lib/gcc/pic32c/8.3.1/thumb/v7e-m+fp/hard/crtbegin.o
 .bss           0x2000006c        0xc build/default/production/main.o
                0x2000006c                u16debounceCounter
                0x2000006e                i
                0x20000070                TC3_CallbackObject

.data%4         0x20000078        0x4
 .data          0x20000078        0x4 c:/program files/microchip/xc32/v4.10/bin/bin/../../lib/gcc/pic32c/8.3.1/thumb/v7e-m+fp/hard/crtbegin.o
                0x20000078                __dso_handle

.bss%5          0x2000007c        0x8
 .bss           0x2000007c        0x4 c:/program files/microchip/xc32/v4.10/bin/bin/../../lib/gcc/pic32c/8.3.1/../../../../pic32c/lib/thumb/v7e-m+fp/hard\libpic32c.a(data_init.o)
 .bss           0x20000080        0x4 c:/program files/microchip/xc32/v4.10/bin/bin/../../lib/gcc/pic32c/8.3.1/../../../../pic32c/lib/thumb/v7e-m+fp/hard\libc-musl.a(__environ.o)
                0x20000080                __environ
                0x20000080                environ
                0x20000080                ___environ
                0x20000080                _environ

.eh_frame%7     0x20000084        0x4
 .eh_frame      0x20000084        0x4 c:/program files/microchip/xc32/v4.10/bin/bin/../../lib/gcc/pic32c/8.3.1/thumb/v7e-m+fp/hard/crtend.o

.bss%8          0x20000088        0x1
 .bss           0x20000088        0x1 C:\Users\M71906\AppData\Local\Temp\cc8uBvIV.o

.bss%z1         0x00000000        0x0
 .bss           0x00000000        0x0 c:/program files/microchip/xc32/v4.10/bin/bin/../../lib/gcc/pic32c/8.3.1/thumb/v7e-m+fp/hard/crtn.o

.data%z2        0x00000000        0x0
 .data          0x00000000        0x0 c:/program files/microchip/xc32/v4.10/bin/bin/../../lib/gcc/pic32c/8.3.1/thumb/v7e-m+fp/hard/crtn.o

.bss%z3         0x00000000        0x0
 .bss           0x00000000        0x0 c:/program files/microchip/xc32/v4.10/bin/bin/../../lib/gcc/pic32c/8.3.1/thumb/v7e-m+fp/hard/crtend.o

.data%z4        0x00000000        0x0
 .data          0x00000000        0x0 c:/program files/microchip/xc32/v4.10/bin/bin/../../lib/gcc/pic32c/8.3.1/thumb/v7e-m+fp/hard/crtend.o

.data%z5        0x00000000        0x0
 .data          0x00000000        0x0 c:/program files/microchip/xc32/v4.10/bin/bin/../../lib/gcc/pic32c/8.3.1/../../../../pic32c/lib/thumb/v7e-m+fp/hard\libc-musl.a(__environ.o)

.data%z6        0x00000000        0x0
 .data          0x00000000        0x0 c:/program files/microchip/xc32/v4.10/bin/bin/../../lib/gcc/pic32c/8.3.1/../../../../pic32c/lib/thumb/v7e-m+fp/hard\libc-musl.a(libc.o)

.bss%z7         0x00000000        0x0
 .bss           0x00000000        0x0 c:/program files/microchip/xc32/v4.10/bin/bin/../../lib/gcc/pic32c/8.3.1/../../../../pic32c/lib/thumb/v7e-m+fp/hard\libc-musl.a(__libc_start_main.o)

.data%z8        0x00000000        0x0
 .data          0x00000000        0x0 c:/program files/microchip/xc32/v4.10/bin/bin/../../lib/gcc/pic32c/8.3.1/../../../../pic32c/lib/thumb/v7e-m+fp/hard\libc-musl.a(__libc_start_main.o)

.data%z9        0x00000000        0x0
 .data          0x00000000        0x0 c:/program files/microchip/xc32/v4.10/bin/bin/../../lib/gcc/pic32c/8.3.1/../../../../pic32c/lib/thumb/v7e-m+fp/hard\libpic32c.a(data_init.o)

.data%z10       0x00000000        0x0
 .data          0x00000000        0x0 C:\Users\M71906\AppData\Local\Temp\cc8uBvIV.o

.bss%z11        0x00000000        0x0
 .bss           0x00000000        0x0 build/default/production/system_init.o

.data%z12       0x00000000        0x0
 .data          0x00000000        0x0 build/default/production/system_init.o

.data%z13       0x00000000        0x0
 .data          0x00000000        0x0 build/default/production/main.o

.eh_frame%z14   0x00000000        0x0
 .eh_frame      0x00000000        0x0 c:/program files/microchip/xc32/v4.10/bin/bin/../../lib/gcc/pic32c/8.3.1/thumb/v7e-m+fp/hard/crtbegin.o

.bss%z15        0x00000000        0x0
 .bss           0x00000000        0x0 c:/program files/microchip/xc32/v4.10/bin/bin/../../lib/gcc/pic32c/8.3.1/thumb/v7e-m+fp/hard/crti.o

.data%z16       0x00000000        0x0
 .data          0x00000000        0x0 c:/program files/microchip/xc32/v4.10/bin/bin/../../lib/gcc/pic32c/8.3.1/thumb/v7e-m+fp/hard/crti.o

.text%9         0x00000284      0x38c
 .text          0x00000284      0x244 build/default/production/system_init.o
                0x000002c0                DFLL48M_open_loop_init
                0x00000320                DFLL48M_closed_loop_init
                0x000003b4                init_ports
                0x0000042c                init_TC3
                0x000004a0                systemInit
                0x000004b8                enable_interrupts
 .text          0x000004c8      0x148 build/default/production/main.o
                0x000004c8                TC3_TimerCallbackRegister
                0x000004f0                led_toggle_function
                0x00000518                callback_execution
                0x000005a0                TC3_Handler
                0x000005ec                main

.text.Reset_Handler%11
                0x00000610       0x90
 .text.Reset_Handler
                0x00000610       0x90 C:\Users\M71906\AppData\Local\Temp\cc8uBvIV.o
                0x00000610                Reset_Handler

.text.__pic32c_data_initialization%12
                0x000006a0       0x88
 .text.__pic32c_data_initialization
                0x000006a0       0x88 c:/program files/microchip/xc32/v4.10/bin/bin/../../lib/gcc/pic32c/8.3.1/../../../../pic32c/lib/thumb/v7e-m+fp/hard\libpic32c.a(data_init.o)
                0x000006a0                __pic32c_data_initialization

.dinit%13       0x00000728       0x70
 .dinit         0x00000728       0x70 data_init

.text.__libc_start_init%14
                0x00000798       0x5c
 .text.__libc_start_init
                0x00000798       0x5c c:/program files/microchip/xc32/v4.10/bin/bin/../../lib/gcc/pic32c/8.3.1/../../../../pic32c/lib/thumb/v7e-m+fp/hard\libc-musl.a(__libc_start_main.o)
                0x00000798                __libc_init_array

.text%15        0x000007f4       0x40
 .text          0x000007f4       0x40 c:/program files/microchip/xc32/v4.10/bin/bin/../../lib/gcc/pic32c/8.3.1/thumb/v7e-m+fp/hard/crtbegin.o

.text.Dummy_Handler%16
                0x00000834        0x2
 .text.Dummy_Handler
                0x00000834        0x2 C:\Users\M71906\AppData\Local\Temp\cc8uBvIV.o
                0x00000834                EIC_EXTINT_9_Handler
                0x00000834                TCC0_MC5_Handler
                0x00000834                SVCall_Handler
                0x00000834                USB_SOF_HSOF_Handler
                0x00000834                SERCOM0_2_Handler
                0x00000834                TCC4_OTHER_Handler
                0x00000834                TCC2_MC2_Handler
                0x00000834                EVSYS_0_Handler
                0x00000834                TRNG_Handler
                0x00000834                HardFault_Handler
                0x00000834                TC2_Handler
                0x00000834                USB_TRCPT0_Handler
                0x00000834                DAC_OTHER_Handler
                0x00000834                AC_Handler
                0x00000834                DAC_EMPTY_0_Handler
                0x00000834                DMAC_OTHER_Handler
                0x00000834                EIC_EXTINT_5_Handler
                0x00000834                SERCOM3_1_Handler
                0x00000834                SysTick_Handler
                0x00000834                SERCOM4_OTHER_Handler
                0x00000834                SERCOM3_2_Handler
                0x00000834                EIC_EXTINT_6_Handler
                0x00000834                PendSV_Handler
                0x00000834                TC7_Handler
                0x00000834                TCC4_MC0_Handler
                0x00000834                EVSYS_3_Handler
                0x00000834                QSPI_Handler
                0x00000834                NonMaskableInt_Handler
                0x00000834                TCC2_MC0_Handler
                0x00000834                PDEC_OTHER_Handler
                0x00000834                TCC3_MC0_Handler
                0x00000834                PDEC_MC1_Handler
                0x00000834                TCC2_MC1_Handler
                0x00000834                OSCCTRL_XOSC1_Handler
                0x00000834                PDEC_MC0_Handler
                0x00000834                EIC_EXTINT_4_Handler
                0x00000834                EIC_EXTINT_7_Handler
                0x00000834                SERCOM0_OTHER_Handler
                0x00000834                EVSYS_OTHER_Handler
                0x00000834                SERCOM0_0_Handler
                0x00000834                RTC_Handler
                0x00000834                UsageFault_Handler
                0x00000834                SERCOM4_0_Handler
                0x00000834                TCC1_MC0_Handler
                0x00000834                SERCOM1_OTHER_Handler
                0x00000834                TCC2_OTHER_Handler
                0x00000834                EIC_EXTINT_11_Handler
                0x00000834                SUPC_BODDET_Handler
                0x00000834                Reserved43_Handler
                0x00000834                EIC_EXTINT_14_Handler
                0x00000834                OSC32KCTRL_Handler
                0x00000834                SERCOM6_2_Handler
                0x00000834                EVSYS_1_Handler
                0x00000834                TC6_Handler
                0x00000834                TCC4_MC1_Handler
                0x00000834                DMAC_0_Handler
                0x00000834                SUPC_OTHER_Handler
                0x00000834                WDT_Handler
                0x00000834                CAN0_Handler
                0x00000834                EIC_EXTINT_15_Handler
                0x00000834                SERCOM6_0_Handler
                0x00000834                EIC_EXTINT_1_Handler
                0x00000834                TCC3_MC1_Handler
                0x00000834                SERCOM5_0_Handler
                0x00000834                TC4_Handler
                0x00000834                TC1_Handler
                0x00000834                TCC1_MC1_Handler
                0x00000834                EIC_EXTINT_0_Handler
                0x00000834                TCC1_OTHER_Handler
                0x00000834                PAC_Handler
                0x00000834                SERCOM4_1_Handler
                0x00000834                Dummy_Handler
                0x00000834                DAC_RESRDY_0_Handler
                0x00000834                SERCOM5_1_Handler
                0x00000834                DMAC_2_Handler
                0x00000834                TCC0_MC4_Handler
                0x00000834                USB_TRCPT1_Handler
                0x00000834                SERCOM0_1_Handler
                0x00000834                TCC0_MC3_Handler
                0x00000834                EIC_EXTINT_12_Handler
                0x00000834                OSCCTRL_DPLL0_Handler
                0x00000834                SERCOM6_OTHER_Handler
                0x00000834                SERCOM7_1_Handler
                0x00000834                SERCOM5_OTHER_Handler
                0x00000834                PM_Handler
                0x00000834                OSCCTRL_DFLL_Handler
                0x00000834                SERCOM7_0_Handler
                0x00000834                DAC_RESRDY_1_Handler
                0x00000834                DMAC_1_Handler
                0x00000834                USB_OTHER_Handler
                0x00000834                GMAC_Handler
                0x00000834                SDHC1_Handler
                0x00000834                CAN1_Handler
                0x00000834                SERCOM7_2_Handler
                0x00000834                Reserved42_Handler
                0x00000834                TCC0_OTHER_Handler
                0x00000834                EIC_EXTINT_10_Handler
                0x00000834                TCC1_MC3_Handler
                0x00000834                OSCCTRL_XOSC0_Handler
                0x00000834                SERCOM6_1_Handler
                0x00000834                Reserved44_Handler
                0x00000834                TCC0_MC0_Handler
                0x00000834                EIC_EXTINT_2_Handler
                0x00000834                SDHC0_Handler
                0x00000834                SERCOM1_1_Handler
                0x00000834                I2S_Handler
                0x00000834                PCC_Handler
                0x00000834                TCC3_OTHER_Handler
                0x00000834                EIC_EXTINT_13_Handler
                0x00000834                SERCOM1_0_Handler
                0x00000834                PUKCC_Handler
                0x00000834                SERCOM2_1_Handler
                0x00000834                SERCOM1_2_Handler
                0x00000834                SERCOM3_0_Handler
                0x00000834                SERCOM4_2_Handler
                0x00000834                TCC1_MC2_Handler
                0x00000834                ADC1_RESRDY_Handler
                0x00000834                NVMCTRL_1_Handler
                0x00000834                SERCOM5_2_Handler
                0x00000834                SERCOM2_2_Handler
                0x00000834                DAC_EMPTY_1_Handler
                0x00000834                ADC1_OTHER_Handler
                0x00000834                EIC_EXTINT_3_Handler
                0x00000834                OSCCTRL_DPLL1_Handler
                0x00000834                SERCOM3_OTHER_Handler
                0x00000834                EIC_EXTINT_8_Handler
                0x00000834                NVMCTRL_0_Handler
                0x00000834                ADC0_RESRDY_Handler
                0x00000834                ADC0_OTHER_Handler
                0x00000834                SERCOM7_OTHER_Handler
                0x00000834                MCLK_Handler
                0x00000834                EVSYS_2_Handler
                0x00000834                SERCOM2_OTHER_Handler
                0x00000834                BusFault_Handler
                0x00000834                FREQM_Handler
                0x00000834                TC0_Handler
                0x00000834                MemoryManagement_Handler
                0x00000834                TCC0_MC1_Handler
                0x00000834                DMAC_3_Handler
                0x00000834                DebugMonitor_Handler
                0x00000834                RAMECC_Handler
                0x00000834                TC5_Handler
                0x00000834                SERCOM2_0_Handler
                0x00000834                ICM_Handler
                0x00000834                AES_Handler
                0x00000834                TCC0_MC2_Handler

.text.__dummy%17
                0x00000836        0x2
 .text.__dummy  0x00000836        0x2 c:/program files/microchip/xc32/v4.10/bin/bin/../../lib/gcc/pic32c/8.3.1/../../../../pic32c/lib/thumb/v7e-m+fp/hard\libc-musl.a(__libc_start_main.o)
                0x00000836                __init_stdio
                0x00000836                __init_host

.text%z17       0x00000000        0x0
 .text          0x00000000        0x0 c:/program files/microchip/xc32/v4.10/bin/bin/../../lib/gcc/pic32c/8.3.1/thumb/v7e-m+fp/hard/crtn.o

.text%z18       0x00000000        0x0
 .text          0x00000000        0x0 c:/program files/microchip/xc32/v4.10/bin/bin/../../lib/gcc/pic32c/8.3.1/thumb/v7e-m+fp/hard/crtend.o

.text%z19       0x00000000        0x0
 .text          0x00000000        0x0 c:/program files/microchip/xc32/v4.10/bin/bin/../../lib/gcc/pic32c/8.3.1/../../../../pic32c/lib/thumb/v7e-m+fp/hard\libc-musl.a(__environ.o)

.text%z20       0x00000000        0x0
 .text          0x00000000        0x0 c:/program files/microchip/xc32/v4.10/bin/bin/../../lib/gcc/pic32c/8.3.1/../../../../pic32c/lib/thumb/v7e-m+fp/hard\libc-musl.a(libc.o)

.text%z21       0x00000000        0x0
 .text          0x00000000        0x0 c:/program files/microchip/xc32/v4.10/bin/bin/../../lib/gcc/pic32c/8.3.1/../../../../pic32c/lib/thumb/v7e-m+fp/hard\libc-musl.a(__libc_start_main.o)

.text%z22       0x00000000        0x0
 .text          0x00000000        0x0 c:/program files/microchip/xc32/v4.10/bin/bin/../../lib/gcc/pic32c/8.3.1/../../../../pic32c/lib/thumb/v7e-m+fp/hard\libpic32c.a(data_init.o)

.text%z23       0x00000000        0x0
 .text          0x00000000        0x0 C:\Users\M71906\AppData\Local\Temp\cc8uBvIV.o

.text%z24       0x00000000        0x0
 .text          0x00000000        0x0 c:/program files/microchip/xc32/v4.10/bin/bin/../../lib/gcc/pic32c/8.3.1/thumb/v7e-m+fp/hard/crti.o
